[cfg] scene=lego downscale=8 init_pts=3000 cap_max=6000
[cfg] iters=5000 lambda_ssim=0.2 densify=(500,1500,every 100)
[data] loaded 50 training cameras at 100x100 in 0.3s
Number of points at initialisation : 3000
[iter     1]   loss=0.79283 prim=  3000 mem=13MB peak=2372MB t=0.1s (10.8 it/s)
[iter   100]   loss=0.26312 prim=  3000 mem=13MB peak=10949MB t=15.1s (6.6 it/s)
[iter   200]   loss=0.13437 prim=  3000 mem=13MB peak=10949MB t=31.0s (6.5 it/s)
[iter   300]   loss=0.09114 prim=  3000 mem=14MB peak=10949MB t=48.0s (6.2 it/s)
[iter   400]   loss=0.07367 prim=  3000 mem=13MB peak=10949MB t=64.0s (6.2 it/s)
[iter   500]   loss=0.06777 prim=  3000 mem=13MB peak=10949MB t=80.1s (6.2 it/s)
[save] out/lego_v3_iter500.ply  (3000 primitives)
[iter   600] D loss=0.06730 prim=  3150 mem=1018MB peak=10949MB t=96.9s (6.2 it/s)
[iter   700] D loss=0.06875 prim=  3307 mem=1208MB peak=11864MB t=113.7s (6.2 it/s)
[iter   800] D loss=0.05391 prim=  3472 mem=1286MB peak=12764MB t=132.1s (6.1 it/s)
[iter   900] D loss=0.04404 prim=  3645 mem=1368MB peak=13537MB t=150.6s (6.0 it/s)
[iter  1000] D loss=0.03804 prim=  3827 mem=1457MB peak=14280MB t=172.7s (5.8 it/s)
[save] out/lego_v3_iter1000.ply  (3827 primitives)
[iter  1100] D loss=0.04158 prim=  4018 mem=1527MB peak=15032MB t=196.3s (5.6 it/s)
[iter  1200] D loss=0.03171 prim=  4218 mem=1614MB peak=15839MB t=220.9s (5.4 it/s)
[iter  1300] D loss=0.03240 prim=  4428 mem=1692MB peak=16665MB t=245.9s (5.3 it/s)
[iter  1400] D loss=0.02907 prim=  4649 mem=1780MB peak=17509MB t=271.3s (5.2 it/s)
Traceback (most recent call last):
  File "<frozen runpy>", line 198, in _run_module_as_main
  File "<frozen runpy>", line 88, in _run_code
  File "/Users/panache1/ml/beta-splatting-4c/mlx_impl/train.py", line 266, in <module>
    train(args)
    ~~~~~^^^^^^
  File "/Users/panache1/ml/beta-splatting-4c/mlx_impl/train.py", line 170, in train
    loss_val, grads = grad_fn(model.parameters(), cam, op_reg, sc_reg)
                      ~~~~~~~^^^^^^^^^^^^^^^^^^^^^^^^^^^^^^^^^^^^^^^^^
  File "/Users/panache1/ml/beta-splatting-4c/mlx_impl/train.py", line 145, in loss_with_reg
    image, _, _ = render_view(model, cam, background, chunk_size=args.chunk_size)
                  ~~~~~~~~~~~^^^^^^^^^^^^^^^^^^^^^^^^^^^^^^^^^^^^^^^^^^^^^^^^^^^^
  File "/Users/panache1/ml/beta-splatting-4c/mlx_impl/train.py", line 93, in render_view
    image, alpha = rasterize_soft(
                   ~~~~~~~~~~~~~~^
        proj["means_2d"], proj["conic"], model.get_opacity[:, 0],
        ^^^^^^^^^^^^^^^^^^^^^^^^^^^^^^^^^^^^^^^^^^^^^^^^^^^^^^^^^
    ...<3 lines>...
        chunk_size=chunk_size,
        ^^^^^^^^^^^^^^^^^^^^^^
    )
    ^
  File "/Users/panache1/ml/beta-splatting-4c/mlx_impl/rasterizer/slow.py", line 55, in rasterize_soft
    keep = mx.array(np.where(np.array(valid))[0].astype(np.int32))
                             ~~~~~~~~^^^^^^^
KeyboardInterrupt
