[cfg] scene=lego downscale=8 init_pts=3000 cap_max=20000
[cfg] iters=3000 lambda_ssim=0.2 densify=(500,2500,every 100)
[data] loaded 50 training cameras at 100x100 in 0.4s
Number of points at initialisation : 3000
[iter     1]   loss=0.79283 prim=  3000 mem=1616MB peak=1944MB t=0.2s (4.0 it/s)
[iter   100]   loss=0.26312 prim=  3000 mem=1588MB peak=10499MB t=13.5s (7.4 it/s)
[iter   200]   loss=0.13437 prim=  3000 mem=1621MB peak=10499MB t=25.5s (7.8 it/s)
[iter   300]   loss=0.09114 prim=  3000 mem=1640MB peak=10499MB t=37.9s (7.9 it/s)
[iter   400]   loss=0.07367 prim=  3000 mem=1639MB peak=10499MB t=49.9s (8.0 it/s)
[iter   500]   loss=0.06777 prim=  3000 mem=1627MB peak=10499MB t=62.2s (8.0 it/s)
[iter   600] D loss=0.06730 prim=  3150 mem=1007MB peak=10499MB t=74.4s (8.1 it/s)
[iter   700] D loss=0.06874 prim=  3307 mem=1197MB peak=11378MB t=87.7s (8.0 it/s)
[iter   800] D loss=0.05349 prim=  3472 mem=1273MB peak=12237MB t=102.4s (7.8 it/s)
[iter   900] D loss=0.04407 prim=  3645 mem=1356MB peak=12974MB t=117.4s (7.7 it/s)
[iter  1000] D loss=0.03763 prim=  3827 mem=1446MB peak=13703MB t=134.4s (7.4 it/s)
[iter  1100] D loss=0.04149 prim=  4018 mem=1516MB peak=14418MB t=150.8s (7.3 it/s)
[iter  1200] D loss=0.03167 prim=  4218 mem=1603MB peak=15185MB t=168.0s (7.1 it/s)
[iter  1300] D loss=0.03202 prim=  4428 mem=1680MB peak=15967MB t=186.0s (7.0 it/s)
[iter  1400] D loss=0.02927 prim=  4649 mem=1769MB peak=16790MB t=204.9s (6.8 it/s)
[iter  1500] D loss=0.02893 prim=  4881 mem=1860MB peak=17639MB t=224.9s (6.7 it/s)
[iter  1600] D loss=0.02550 prim=  5125 mem=1953MB peak=18524MB t=250.7s (6.4 it/s)
[iter  1700] D loss=0.02403 prim=  5381 mem=2055MB peak=19450MB t=284.0s (6.0 it/s)
[iter  1800] D loss=0.02159 prim=  5650 mem=2157MB peak=20428MB t=328.8s (5.5 it/s)
[iter  1900] D loss=0.02142 prim=  5932 mem=2263MB peak=21477MB t=385.9s (4.9 it/s)
