[cfg] scene=lego downscale=8 init_pts=20000 cap_max=6000
[cfg] iters=3000 lambda_ssim=0.2 densify=(999999,0,every 100)
[data] loaded 50 training cameras at 100x100 in 0.3s
[resume] loading out/lego_v3_iter1000.ply
[resume] 3827 primitives loaded
[iter     1]   loss=0.04715 prim=  3827 mem=14MB peak=3383MB t=0.4s (2.2 it/s)
[iter   100]   loss=0.03604 prim=  3827 mem=15MB peak=15043MB t=21.5s (4.7 it/s)
[iter   200]   loss=0.03067 prim=  3827 mem=15MB peak=15043MB t=40.7s (4.9 it/s)
[iter   300]   loss=0.02715 prim=  3827 mem=15MB peak=15043MB t=60.0s (5.0 it/s)
[iter   400]   loss=0.02669 prim=  3827 mem=15MB peak=15043MB t=79.5s (5.0 it/s)
[iter   500]   loss=0.02743 prim=  3827 mem=15MB peak=15043MB t=99.1s (5.0 it/s)
[save] out/lego_v4_iter500.ply  (3827 primitives)
[iter   600]   loss=0.02534 prim=  3827 mem=15MB peak=15043MB t=118.8s (5.1 it/s)
[iter   700]   loss=0.02498 prim=  3827 mem=15MB peak=15043MB t=138.2s (5.1 it/s)
[iter   800]   loss=0.02287 prim=  3827 mem=15MB peak=15043MB t=157.8s (5.1 it/s)
[iter   900]   loss=0.02090 prim=  3827 mem=15MB peak=15043MB t=177.2s (5.1 it/s)
[iter  1000]   loss=0.02045 prim=  3827 mem=15MB peak=15043MB t=196.8s (5.1 it/s)
[save] out/lego_v4_iter1000.ply  (3827 primitives)
[iter  1100]   loss=0.02578 prim=  3827 mem=15MB peak=15043MB t=216.4s (5.1 it/s)
[iter  1200]   loss=0.01946 prim=  3827 mem=15MB peak=15043MB t=236.8s (5.1 it/s)
[iter  1300]   loss=0.02114 prim=  3827 mem=15MB peak=15043MB t=257.1s (5.1 it/s)
[iter  1400]   loss=0.02028 prim=  3827 mem=15MB peak=15043MB t=276.6s (5.1 it/s)
[iter  1500]   loss=0.02078 prim=  3827 mem=15MB peak=15043MB t=295.8s (5.1 it/s)
[save] out/lego_v4_iter1500.ply  (3827 primitives)
[iter  1600]   loss=0.01909 prim=  3827 mem=15MB peak=15043MB t=315.0s (5.1 it/s)
[iter  1700]   loss=0.01823 prim=  3827 mem=15MB peak=15043MB t=334.2s (5.1 it/s)
[iter  1800]   loss=0.01730 prim=  3827 mem=15MB peak=15043MB t=355.5s (5.1 it/s)
[iter  1900]   loss=0.01788 prim=  3827 mem=15MB peak=15043MB t=376.0s (5.1 it/s)
[iter  2000]   loss=0.01887 prim=  3827 mem=15MB peak=15043MB t=396.4s (5.0 it/s)
[save] out/lego_v4_iter2000.ply  (3827 primitives)
[iter  2100]   loss=0.01879 prim=  3827 mem=15MB peak=15043MB t=415.8s (5.1 it/s)
[iter  2200]   loss=0.01279 prim=  3827 mem=15MB peak=15043MB t=435.6s (5.1 it/s)
[iter  2300]   loss=0.01743 prim=  3827 mem=15MB peak=15043MB t=457.8s (5.0 it/s)
[iter  2400]   loss=0.01644 prim=  3827 mem=15MB peak=15043MB t=478.4s (5.0 it/s)
[iter  2500]   loss=0.01689 prim=  3827 mem=15MB peak=15043MB t=498.9s (5.0 it/s)
[save] out/lego_v4_iter2500.ply  (3827 primitives)
[iter  2600]   loss=0.01631 prim=  3827 mem=15MB peak=15043MB t=519.2s (5.0 it/s)
[iter  2700]   loss=0.01676 prim=  3827 mem=15MB peak=15043MB t=538.4s (5.0 it/s)
[iter  2800]   loss=0.01462 prim=  3827 mem=15MB peak=15043MB t=557.6s (5.0 it/s)
[iter  2900]   loss=0.01804 prim=  3827 mem=15MB peak=15043MB t=577.1s (5.0 it/s)
[iter  3000]   loss=0.01477 prim=  3827 mem=15MB peak=15043MB t=597.0s (5.0 it/s)
[save] out/lego_v4_iter3000.ply  (3827 primitives)
[save] out/lego_v4.ply  (3827 primitives)
[eval] mean PSNR on 20 training views: 30.34
