[cfg] scene=lego downscale=8 init_pts=3000 cap_max=15000
[cfg] iters=3000 lambda_ssim=0.2 densify=(500,2500,every 100)
[data] loaded 50 training cameras at 100x100 in 0.4s
Number of points at initialisation : 3000
[iter     1]   loss=0.79283 prim=  3000 mem=13MB peak=2372MB t=0.1s (8.6 it/s)
[iter   100]   loss=0.26312 prim=  3000 mem=13MB peak=10949MB t=15.8s (6.3 it/s)
[iter   200]   loss=0.13437 prim=  3000 mem=13MB peak=10949MB t=30.8s (6.5 it/s)
[iter   300]   loss=0.09114 prim=  3000 mem=13MB peak=10949MB t=46.1s (6.5 it/s)
[iter   400]   loss=0.07367 prim=  3000 mem=13MB peak=10949MB t=61.2s (6.5 it/s)
[iter   500]   loss=0.06777 prim=  3000 mem=14MB peak=10949MB t=78.6s (6.4 it/s)
[save] out/lego_v2_iter500.ply  (3000 primitives)
[iter   600] D loss=0.06730 prim=  3150 mem=1018MB peak=10949MB t=94.5s (6.3 it/s)
[iter   700] D loss=0.06875 prim=  3307 mem=1208MB peak=11864MB t=111.5s (6.3 it/s)
[iter   800] D loss=0.05391 prim=  3472 mem=1286MB peak=12764MB t=130.0s (6.2 it/s)
[iter   900] D loss=0.04404 prim=  3645 mem=1368MB peak=13537MB t=148.2s (6.1 it/s)
[iter  1000] D loss=0.03804 prim=  3827 mem=1457MB peak=14280MB t=170.1s (5.9 it/s)
[save] out/lego_v2_iter1000.ply  (3827 primitives)
[iter  1100] D loss=0.04158 prim=  4018 mem=1527MB peak=15032MB t=193.0s (5.7 it/s)
[iter  1200] D loss=0.03171 prim=  4218 mem=1614MB peak=15839MB t=216.6s (5.5 it/s)
[iter  1300] D loss=0.03240 prim=  4428 mem=1692MB peak=16665MB t=242.2s (5.4 it/s)
[iter  1400] D loss=0.02907 prim=  4649 mem=1780MB peak=17509MB t=265.9s (5.3 it/s)
[iter  1500] D loss=0.02868 prim=  4881 mem=1870MB peak=18393MB t=293.6s (5.1 it/s)
[save] out/lego_v2_iter1500.ply  (4881 primitives)
[iter  1600] D loss=0.02551 prim=  5125 mem=1964MB peak=19316MB t=329.3s (4.9 it/s)
[iter  1700] D loss=0.02422 prim=  5381 mem=2065MB peak=20278MB t=375.2s (4.5 it/s)
[iter  1800] D loss=0.02171 prim=  5650 mem=2168MB peak=21308MB t=441.4s (4.1 it/s)
